// Jest Snapshot v1, https://goo.gl/fbAQLP

exports[`AccountDetails renders correctly 1`] = `
<DocumentFragment>
  <div
    class="account-details-container"
  >
    <div
      class="account-details-title"
    >
      Account Details. 
      <button
        type="submit"
      >
        edit
      </button>
    </div>
    <div
      class="fields-container"
    >
      <div
        class="field-card"
      >
        <label
          class="field-tag"
          for="name"
        >
          Name
          <input
            class="field-value"
            id="name"
            name="name"
            placeholder="name"
            readonly=""
            type="text"
            value="Suzie"
          />
        </label>
      </div>
      <div
        class="field-card"
      >
        <label
          class="field-tag"
          for="email"
        >
          Email
          <input
            class="field-value"
            id="email"
            name="email"
            placeholder="email"
            readonly=""
            type="text"
            value="suzie@ss.com"
          />
        </label>
      </div>
      <div
        class="field-card"
      >
        <div
          class="field-tag"
        >
          likes
        </div>
        <div
          class="like-container"
        >
          <input
            class="field-value"
            data-testid="likes"
            name="likes"
            placeholder="baking"
            type="text"
          />
        </div>
        <div
          class="like-container"
        >
          <input
            class="field-value"
            data-testid="likes"
            name="likes"
            placeholder="reading"
            type="text"
          />
        </div>
        <div
          class="like-container"
        >
          <input
            class="field-value"
            data-testid="likes"
            name="likes"
            placeholder="archery"
            type="text"
          />
        </div>
        <div
          class="like-container"
        >
          <input
            class="field-value"
            data-testid="likes"
            name="likes"
            placeholder="rugby"
            type="text"
          />
        </div>
        <div
          class="like-container"
        >
          <input
            class="field-value"
            data-testid="likes"
            name="likes"
            placeholder="chocolate"
            type="text"
          />
        </div>
        <div
          class="like-container"
        >
          <input
            class="field-value"
            data-testid="likes"
            name="likes"
            placeholder="cocktails"
            type="text"
          />
        </div>
      </div>
      <div
        class="field-card"
      >
        <div
          class="field-tag"
        >
          dislikes
        </div>
        <div
          class="like-container"
        >
          <input
            class="field-value"
            data-testid="dislikes"
            name="dislikes"
            placeholder="football"
            type="text"
          />
        </div>
        <div
          class="like-container"
        >
          <input
            class="field-value"
            data-testid="dislikes"
            name="dislikes"
            placeholder="beer"
            type="text"
          />
        </div>
        <div
          class="like-container"
        >
          <input
            class="field-value"
            data-testid="dislikes"
            name="dislikes"
            placeholder="wine"
            type="text"
          />
        </div>
      </div>
    </div>
  </div>
</DocumentFragment>
`;
