// Jest Snapshot v1, https://goo.gl/fbAQLP

exports[`AdminCard renders correctly 1`] = `
<DocumentFragment>
  <div
    class="admin-card-container"
  >
    <div>
      <div
        class="admin-card-title"
      >
        <h1>
          Edit 
        </h1>
      </div>
      <div
        class="event-data-container"
      >
        <div
          class="event-data-card"
        >
          Title
          <input
            class="event-data-value"
            id="title"
            name="title"
            placeholder="title"
            type="text"
            value=""
          />
        </div>
        <div
          class="event-data-card"
        >
          Exchange Date
          <input
            class="event-data-value"
            id="exchange_date"
            name="exchange_date"
            placeholder="exchange_date"
            type="date"
            value=""
          />
        </div>
        <div
          class="event-data-card"
        >
          Budget
          <input
            class="event-data-value"
            id="budget"
            name="budget"
            placeholder="budget"
            type="text"
            value=""
          />
        </div>
        <div
          class="event-data-card"
        >
          <div
            class="event-data-tag"
          >
            Invited but has not joined
          </div>
          <div
            class="event-data-card"
          >
            <div
              class="name-container"
            >
              <input
                class="name-value"
                name="participants"
                placeholder="Add Name"
                type="text"
                value=""
              />
              <button
                class="add-name-button"
                data-testid="name-add-button"
                type="submit"
              >
                <svg
                  aria-hidden="true"
                  class="svg-inline--fa fa-plus "
                  data-icon="plus"
                  data-prefix="fas"
                  focusable="false"
                  role="img"
                  viewBox="0 0 448 512"
                  xmlns="http://www.w3.org/2000/svg"
                >
                  <path
                    d="M256 80c0-17.7-14.3-32-32-32s-32 14.3-32 32V224H48c-17.7 0-32 14.3-32 32s14.3 32 32 32H192V432c0 17.7 14.3 32 32 32s32-14.3 32-32V288H400c17.7 0 32-14.3 32-32s-14.3-32-32-32H256V80z"
                    fill="currentColor"
                  />
                </svg>
              </button>
            </div>
            <div
              class="event-data-card"
            >
              <div
                class="event-data-tag"
              >
                People that have joined the event:
              </div>
            </div>
          </div>
        </div>
        <button
          type="submit"
        >
          DRAW NAMES
        </button>
        <button
          type="submit"
        >
          Save
        </button>
        <button
          type="submit"
        >
          Delete Event
        </button>
      </div>
    </div>
  </div>
</DocumentFragment>
`;
